// Jest Snapshot v1, https://goo.gl/fbAQLP

exports[`<Square Card> render Square Card Wrapper 1`] = `
.c0 {
  padding: 3%;
  margin: 3%;
  width: 200px;
}

<div
  className="c0"
  style={
    Object {
      "textAlign": "left",
    }
  }
/>
`;
