// Jest Snapshot v1, https://goo.gl/fbAQLP

exports[`<Custom TBody Tag > should render 1`] = `
<tbody
  className="mdc-data-table__content"
/>
`;
