// Jest Snapshot v1, https://goo.gl/fbAQLP

exports[`Custom Button Outlined Custom Badge Snapshot 1`] = `
.c0 {
  background-color: blue;
  color: white;
  padding: 5px;
  border-radius: 5px;
  height: 10px;
  min-width: 20px;
  font-size: 12px;
}

<span
  className="c0"
  id="uniqueBadge"
  style={
    Object {
      "backgroundColor": "gray",
      "borderRadius": "10px",
      "bottom": "10px",
      "color": "white",
      "left": "20px",
      "position": "absolute",
      "right": "20px",
      "top": "20px",
    }
  }
>
  Recomended
</span>
`;
